--------------------------------------------------------------------------------
Release 14.6 Trace  (nt64)
Copyright (c) 1995-2013 Xilinx, Inc.  All rights reserved.

C:\Xilinx\14.6\ISE_DS\ISE\bin\nt64\unwrapped\trce.exe -intstyle ise -v 3 -s 2
-n 3 -fastpaths -xml top.twx top.ncd -o top.twr top.pcf

Design file:              top.ncd
Physical constraint file: top.pcf
Device,package,speed:     xc6slx45,fgg676,C,-2 (PRODUCTION 1.23 2013-06-08)
Report level:             verbose report

Environment Variable      Effect 
--------------------      ------ 
NONE                      No environment variables were set
--------------------------------------------------------------------------------

INFO:Timing:2698 - No timing constraints found, doing default enumeration.
INFO:Timing:3412 - To improve timing, see the Timing Closure User Guide (UG612).
INFO:Timing:2752 - To get complete path coverage, use the unconstrained paths 
   option. All paths that are not constrained will be reported in the 
   unconstrained paths section(s) of the report.
INFO:Timing:3339 - The clock-to-out numbers in this timing report are based on 
   a 50 Ohm transmission line loading model.  For the details of this model, 
   and for more information on accounting for different loading conditions, 
   please see the device datasheet.



Data Sheet report:
-----------------
All values displayed in nanoseconds (ns)

Setup/Hold to clock clk_i
------------+------------+------------+------------+------------+---------------------+--------+
            |Max Setup to|  Process   |Max Hold to |  Process   |                     | Clock  |
Source      | clk (edge) |   Corner   | clk (edge) |   Corner   |Internal Clock(s)    | Phase  |
------------+------------+------------+------------+------------+---------------------+--------+
reset_n_i   |    6.387(R)|      SLOW  |    0.153(R)|      SLOW  |vga_top_i/vga_i/clk_s|   0.000|
------------+------------+------------+------------+------------+---------------------+--------+

Clock clk_i to Pad
------------+-----------------+------------+-----------------+------------+---------------------+--------+
            |Max (slowest) clk|  Process   |Min (fastest) clk|  Process   |                     | Clock  |
Destination |  (edge) to PAD  |   Corner   |  (edge) to PAD  |   Corner   |Internal Clock(s)    | Phase  |
------------+-----------------+------------+-----------------+------------+---------------------+--------+
blank_o     |        14.503(R)|      SLOW  |         6.600(R)|      FAST  |vga_top_i/vga_i/clk_s|   0.000|
blue_o<0>   |        19.099(R)|      SLOW  |         9.248(R)|      FAST  |vga_top_i/vga_i/clk_s|   0.000|
blue_o<1>   |        19.099(R)|      SLOW  |         9.248(R)|      FAST  |vga_top_i/vga_i/clk_s|   0.000|
blue_o<2>   |        16.510(R)|      SLOW  |         7.846(R)|      FAST  |vga_top_i/vga_i/clk_s|   0.000|
blue_o<3>   |        15.312(R)|      SLOW  |         7.174(R)|      FAST  |vga_top_i/vga_i/clk_s|   0.000|
blue_o<4>   |        18.831(R)|      SLOW  |         9.071(R)|      FAST  |vga_top_i/vga_i/clk_s|   0.000|
blue_o<5>   |        16.431(R)|      SLOW  |         7.782(R)|      FAST  |vga_top_i/vga_i/clk_s|   0.000|
blue_o<6>   |        19.655(R)|      SLOW  |         9.593(R)|      FAST  |vga_top_i/vga_i/clk_s|   0.000|
blue_o<7>   |        19.033(R)|      SLOW  |         9.172(R)|      FAST  |vga_top_i/vga_i/clk_s|   0.000|
green_o<0>  |        18.046(R)|      SLOW  |         8.180(R)|      FAST  |vga_top_i/vga_i/clk_s|   0.000|
green_o<1>  |        17.281(R)|      SLOW  |         8.101(R)|      FAST  |vga_top_i/vga_i/clk_s|   0.000|
green_o<2>  |        17.147(R)|      SLOW  |         8.053(R)|      FAST  |vga_top_i/vga_i/clk_s|   0.000|
green_o<3>  |        16.957(R)|      SLOW  |         7.949(R)|      FAST  |vga_top_i/vga_i/clk_s|   0.000|
green_o<4>  |        15.040(R)|      SLOW  |         7.003(R)|      FAST  |vga_top_i/vga_i/clk_s|   0.000|
green_o<5>  |        17.140(R)|      SLOW  |         8.031(R)|      FAST  |vga_top_i/vga_i/clk_s|   0.000|
green_o<6>  |        14.848(R)|      SLOW  |         6.897(R)|      FAST  |vga_top_i/vga_i/clk_s|   0.000|
green_o<7>  |        17.666(R)|      SLOW  |         8.425(R)|      FAST  |vga_top_i/vga_i/clk_s|   0.000|
pix_clock_o |        12.109(R)|      SLOW  |         5.212(R)|      FAST  |vga_top_i/vga_i/clk_s|   0.000|
            |        12.047(F)|      SLOW  |         5.146(F)|      FAST  |vga_top_i/vga_i/clk_s|   0.000|
psave_o     |        14.368(R)|      SLOW  |         6.548(R)|      FAST  |vga_top_i/vga_i/clk_s|   0.000|
red_o<0>    |        17.826(R)|      SLOW  |         8.138(R)|      FAST  |vga_top_i/vga_i/clk_s|   0.000|
red_o<1>    |        17.621(R)|      SLOW  |         8.009(R)|      FAST  |vga_top_i/vga_i/clk_s|   0.000|
red_o<2>    |        18.047(R)|      SLOW  |         8.181(R)|      FAST  |vga_top_i/vga_i/clk_s|   0.000|
red_o<3>    |        17.826(R)|      SLOW  |         8.138(R)|      FAST  |vga_top_i/vga_i/clk_s|   0.000|
red_o<4>    |        17.621(R)|      SLOW  |         8.009(R)|      FAST  |vga_top_i/vga_i/clk_s|   0.000|
red_o<5>    |        18.046(R)|      SLOW  |         8.180(R)|      FAST  |vga_top_i/vga_i/clk_s|   0.000|
red_o<6>    |        18.096(R)|      SLOW  |         8.230(R)|      FAST  |vga_top_i/vga_i/clk_s|   0.000|
red_o<7>    |        17.620(R)|      SLOW  |         8.008(R)|      FAST  |vga_top_i/vga_i/clk_s|   0.000|
sync_o      |        14.728(R)|      SLOW  |         6.761(R)|      FAST  |vga_top_i/vga_i/clk_s|   0.000|
vga_hsync_o |        14.422(R)|      SLOW  |         6.597(R)|      FAST  |vga_top_i/vga_i/clk_s|   0.000|
vga_vsync_o |        14.401(R)|      SLOW  |         6.588(R)|      FAST  |vga_top_i/vga_i/clk_s|   0.000|
------------+-----------------+------------+-----------------+------------+---------------------+--------+

Clock to Setup on destination clock clk_i
---------------+---------+---------+---------+---------+
               | Src:Rise| Src:Fall| Src:Rise| Src:Fall|
Source Clock   |Dest:Rise|Dest:Rise|Dest:Fall|Dest:Fall|
---------------+---------+---------+---------+---------+
clk_i          |   15.262|         |         |         |
---------------+---------+---------+---------+---------+


Analysis completed Thu Mar 15 10:27:09 2018 
--------------------------------------------------------------------------------

Trace Settings:
-------------------------
Trace Settings 

Peak Memory Usage: 270 MB



